
  .   ____          _            __ _ _
 /\\ / ___'_ __ _ _(_)_ __  __ _ \ \ \ \
( ( )\___ | '_ | '_| | '_ \/ _` | \ \ \ \
 \\/  ___)| |_)| | | | | || (_| |  ) ) ) )
  '  |____| .__|_| |_|_| |_\__, | / / / /
 =========|_|==============|___/=/_/_/_/

 :: Spring Boot ::                (v4.0.3)

2026-03-08T21:12:58.162+05:30  INFO 19723 --- [device-service] [           main] c.t.device.DeviceServiceApplication      : Starting DeviceServiceApplication using Java 25.0.2 with PID 19723 (/Users/chandramouli/Documents/Coding_Projects/transy/backend/device-service/target/classes started by chandramouli in /Users/chandramouli/Documents/Coding_Projects/transy/backend/device-service)
2026-03-08T21:12:58.163+05:30  INFO 19723 --- [device-service] [           main] c.t.device.DeviceServiceApplication      : No active profile set, falling back to 1 default profile: "default"
2026-03-08T21:12:58.341+05:30  INFO 19723 --- [device-service] [           main] .s.d.r.c.RepositoryConfigurationDelegate : Multiple Spring Data modules found, entering strict repository configuration mode
2026-03-08T21:12:58.342+05:30  INFO 19723 --- [device-service] [           main] .s.d.r.c.RepositoryConfigurationDelegate : Bootstrapping Spring Data Redis repositories in DEFAULT mode.
2026-03-08T21:12:58.349+05:30  INFO 19723 --- [device-service] [           main] .s.d.r.c.RepositoryConfigurationDelegate : Finished Spring Data repository scanning in 3 ms. Found 0 Redis repository interfaces.
2026-03-08T21:12:58.470+05:30  INFO 19723 --- [device-service] [           main] o.s.boot.tomcat.TomcatWebServer          : Tomcat initialized with port 8083 (http)
2026-03-08T21:12:58.475+05:30  INFO 19723 --- [device-service] [           main] o.apache.catalina.core.StandardService   : Starting service [Tomcat]
2026-03-08T21:12:58.475+05:30  INFO 19723 --- [device-service] [           main] o.apache.catalina.core.StandardEngine    : Starting Servlet engine: [Apache Tomcat/11.0.18]
2026-03-08T21:12:58.490+05:30  INFO 19723 --- [device-service] [           main] b.w.c.s.WebApplicationContextInitializer : Root WebApplicationContext: initialization completed in 308 ms
2026-03-08T21:12:58.688+05:30  WARN 19723 --- [device-service] [           main] i.n.r.d.DnsServerAddressStreamProviders  : Can not find io.netty.resolver.dns.macos.MacOSDnsServerAddressStreamProvider in the classpath, fallback to system defaults. This may result in incorrect DNS resolutions on MacOS. Check whether you have a dependency on 'io.netty:netty-resolver-dns-native-macos'
2026-03-08T21:12:58.777+05:30  INFO 19723 --- [device-service] [           main] o.s.boot.tomcat.TomcatWebServer          : Tomcat started on port 8083 (http) with context path '/'
2026-03-08T21:12:58.779+05:30  INFO 19723 --- [device-service] [           main] c.t.device.DeviceServiceApplication      : Started DeviceServiceApplication in 0.748 seconds (process running for 0.869)
2026-03-08T21:13:43.251+05:30  INFO 19723 --- [device-service] [ionShutdownHook] o.s.boot.tomcat.GracefulShutdown         : Commencing graceful shutdown. Waiting for active requests to complete
2026-03-08T21:13:43.255+05:30  INFO 19723 --- [device-service] [tomcat-shutdown] o.s.boot.tomcat.GracefulShutdown         : Graceful shutdown complete
[ERROR] Failed to execute goal org.springframework.boot:spring-boot-maven-plugin:4.0.3:run (default-cli) on project device-service: Process terminated with exit code: 143 -> [Help 1]
[ERROR] 
[ERROR] To see the full stack trace of the errors, re-run Maven with the -e switch.
[ERROR] Re-run Maven using the -X switch to enable full debug logging.
[ERROR] 
[ERROR] For more information about the errors and possible solutions, please read the following articles:
[ERROR] [Help 1] http://cwiki.apache.org/confluence/display/MAVEN/MojoExecutionException
