
  .   ____          _            __ _ _
 /\\ / ___'_ __ _ _(_)_ __  __ _ \ \ \ \
( ( )\___ | '_ | '_| | '_ \/ _` | \ \ \ \
 \\/  ___)| |_)| | | | | || (_| |  ) ) ) )
  '  |____| .__|_| |_|_| |_\__, | / / / /
 =========|_|==============|___/=/_/_/_/

 :: Spring Boot ::                (v4.0.3)

2026-03-09T23:01:57.041+05:30 level= INFO service=transfer-service trace= span= logger=c.t.t.TransferServiceApplication msg=Starting TransferServiceApplication using Java 25.0.2 with PID 56197 (/Users/chandramouli/Documents/Coding_Projects/transy/backend/transfer-service/target/classes started by chandramouli in /Users/chandramouli/Documents/Coding_Projects/transy/backend/transfer-service)
2026-03-09T23:01:57.042+05:30 level= INFO service=transfer-service trace= span= logger=c.t.t.TransferServiceApplication msg=The following 1 profile is active: "local"
2026-03-09T23:01:57.286+05:30 level= INFO service=transfer-service trace= span= logger=o.s.d.r.c.RepositoryConfigurationDelegate msg=Bootstrapping Spring Data JPA repositories in DEFAULT mode.
2026-03-09T23:01:57.303+05:30 level= INFO service=transfer-service trace= span= logger=o.s.d.r.c.RepositoryConfigurationDelegate msg=Finished Spring Data repository scanning in 13 ms. Found 1 JPA repository interface.
2026-03-09T23:01:57.475+05:30 level= INFO service=transfer-service trace= span= logger=o.s.boot.tomcat.TomcatWebServer msg=Tomcat initialized with port 8085 (http)
2026-03-09T23:01:57.479+05:30 level= INFO service=transfer-service trace= span= logger=o.a.coyote.http11.Http11NioProtocol msg=Initializing ProtocolHandler ["http-nio-8085"]
2026-03-09T23:01:57.480+05:30 level= INFO service=transfer-service trace= span= logger=o.a.catalina.core.StandardService msg=Starting service [Tomcat]
2026-03-09T23:01:57.480+05:30 level= INFO service=transfer-service trace= span= logger=o.a.catalina.core.StandardEngine msg=Starting Servlet engine: [Apache Tomcat/11.0.18]
2026-03-09T23:01:57.496+05:30 level= INFO service=transfer-service trace= span= logger=o.s.b.w.c.s.WebApplicationContextInitializer msg=Root WebApplicationContext: initialization completed in 440 ms
2026-03-09T23:01:57.591+05:30 level= INFO service=transfer-service trace= span= logger=org.hibernate.orm.jpa msg=HHH008540: Processing PersistenceUnitInfo [name: default]
2026-03-09T23:01:57.610+05:30 level= INFO service=transfer-service trace= span= logger=org.hibernate.orm.core msg=HHH000001: Hibernate ORM core version 7.2.4.Final
2026-03-09T23:01:57.765+05:30 level= INFO service=transfer-service trace= span= logger=o.s.o.j.p.SpringPersistenceUnitInfo msg=No LoadTimeWeaver setup: ignoring JPA class transformer
2026-03-09T23:01:57.776+05:30 level= INFO service=transfer-service trace= span= logger=com.zaxxer.hikari.HikariDataSource msg=HikariPool-1 - Starting...
2026-03-09T23:01:57.910+05:30 level= INFO service=transfer-service trace= span= logger=com.zaxxer.hikari.pool.HikariPool msg=HikariPool-1 - Added connection conn1: url=jdbc:h2:file:./.data/transferdb user=SA
2026-03-09T23:01:57.910+05:30 level= INFO service=transfer-service trace= span= logger=com.zaxxer.hikari.HikariDataSource msg=HikariPool-1 - Start completed.
2026-03-09T23:01:57.921+05:30 level= WARN service=transfer-service trace= span= logger=org.hibernate.orm.deprecation msg=HHH90000025: H2Dialect does not need to be specified explicitly using 'hibernate.dialect' (remove the property setting and it will be selected by default)
2026-03-09T23:01:57.928+05:30 level= INFO service=transfer-service trace= span= logger=o.hibernate.orm.connections.pooling msg=HHH10001005: Database info:
	Database JDBC URL [jdbc:h2:file:./.data/transferdb]
	Database driver: H2 JDBC Driver
	Database dialect: H2Dialect
	Database version: 2.4.240
	Default catalog/schema: transferdb/public
	Autocommit mode: undefined/unknown
	Isolation level: READ_COMMITTED [default READ_COMMITTED]
	JDBC fetch size: 100
	Pool: DataSourceConnectionProvider
	Minimum pool size: undefined/unknown
	Maximum pool size: undefined/unknown
2026-03-09T23:01:58.246+05:30 level= INFO service=transfer-service trace= span= logger=org.hibernate.orm.core msg=HHH000489: No JTA platform available (set 'hibernate.transaction.jta.platform' to enable JTA platform integration)
2026-03-09T23:01:58.262+05:30 level= INFO service=transfer-service trace= span= logger=o.s.o.j.LocalContainerEntityManagerFactoryBean msg=Initialized JPA EntityManagerFactory for persistence unit 'default'
2026-03-09T23:01:58.290+05:30 level= INFO service=transfer-service trace= span= logger=o.s.d.j.r.q.QueryEnhancerFactories msg=Hibernate is in classpath; If applicable, HQL parser will be used.
2026-03-09T23:01:58.347+05:30 level= WARN service=transfer-service trace= span= logger=o.s.b.j.a.JpaBaseConfiguration$JpaWebConfiguration msg=spring.jpa.open-in-view is enabled by default. Therefore, database queries may be performed during view rendering. Explicitly configure spring.jpa.open-in-view to disable this warning
2026-03-09T23:01:58.467+05:30 level= INFO service=transfer-service trace= span= logger=o.s.b.a.e.web.EndpointLinksResolver msg=Exposing 3 endpoints beneath base path '/actuator'
2026-03-09T23:01:58.486+05:30 level= INFO service=transfer-service trace= span= logger=o.a.coyote.http11.Http11NioProtocol msg=Starting ProtocolHandler ["http-nio-8085"]
2026-03-09T23:01:58.490+05:30 level= INFO service=transfer-service trace= span= logger=o.s.boot.tomcat.TomcatWebServer msg=Tomcat started on port 8085 (http) with context path '/'
2026-03-09T23:01:58.494+05:30 level= INFO service=transfer-service trace= span= logger=c.t.t.TransferServiceApplication msg=Started TransferServiceApplication in 1.625 seconds (process running for 1.751)
